// Jest Snapshot v1, https://goo.gl/fbAQLP

exports[`All Contributors app - End to end 1:Happy path, add correct new contributor 1`] = `
Object {
  "ref": "refs/heads/all-contributors/add-jakebolam",
  "sha": "aa218f56b14c9653891f9e74264a383fa43fefbd",
}
`;

exports[`All Contributors app - End to end 1:Happy path, add correct new contributor 2`] = `
Object {
  "body": "@jakebolam 

We had trouble processing your request. Please try again later.",
}
`;

exports[`All Contributors app - End to end 1:Happy path, add correct new contributor 3`] = `
Object {
  "branch": "all-contributors/add-jakebolam",
  "content": "ewogICJwcm9qZWN0TmFtZSI6ICJhbGwtY29udHJpYnV0b3JzLWJvdCIsCiAgInByb2plY3RPd25lciI6ICJhbGwtY29udHJpYnV0b3JzIiwKICAicmVwb1R5cGUiOiAiZ2l0aHViIiwKICAicmVwb0hvc3QiOiAiaHR0cHM6Ly9naXRodWIuY29tIiwKICAiZmlsZXMiOiBbCiAgICAiUkVBRE1FLm1kIgogIF0sCiAgImltYWdlU2l6ZSI6IDEwMCwKICAiY29tbWl0IjogZmFsc2UsCiAgImNvbnRyaWJ1dG9ycyI6IFsKICAgIHsKICAgICAgImxvZ2luIjogImpha2Vib2xhbSIsCiAgICAgICJuYW1lIjogIkpha2UgQm9sYW0iLAogICAgICAiYXZhdGFyX3VybCI6ICJodHRwczovL2F2YXRhcnMyLmdpdGh1YnVzZXJjb250ZW50LmNvbS91LzM1MzQyMzY/dj00IiwKICAgICAgInByb2ZpbGUiOiAiaHR0cHM6Ly9qYWtlYm9sYW0uY29tIiwKICAgICAgImNvbnRyaWJ1dGlvbnMiOiBbCiAgICAgICAgImNvZGUiLAogICAgICAgICJpZGVhcyIsCiAgICAgICAgImluZnJhIiwKICAgICAgICAidGVzdCIsCiAgICAgICAgImRvYyIKICAgICAgXQogICAgfQogIF0sCiAgImNvbnRyaWJ1dG9yc1BlckxpbmUiOiA3Cn0K",
  "message": "docs: update .all-contributorsrc",
  "sha": "dff34f715bca51114c0336a49381456a926806d5",
}
`;

exports[`All Contributors app - End to end 1:Happy path, add correct new contributor 4`] = `
Object {
  "base": "master",
  "body": "Adds @jakebolam as a contributor for code, doc, infra.

This was requested by jakebolam [in this comment](https://github.com/all-contributors/all-contributors-bot/pull/1#issuecomment-453012966)",
  "head": "all-contributors/add-jakebolam",
  "maintainer_can_modify": true,
  "title": "docs: add jakebolam as a contributor",
}
`;

exports[`All Contributors app - End to end 1:Happy path, add correct new contributor 5`] = `
Object {
  "body": "@jakebolam 

I've put up [a pull request](https://github.com/all-contributors/all-contributors-bot/pull/1347) to add @jakebolam! :tada:",
}
`;

exports[`All Contributors app - End to end 2:Happy path, add correct new contributor, no allcontributors file (repo needs init first) 1`] = `
Object {
  "ref": "refs/heads/all-contributors/add-jakebolam",
  "sha": "aa218f56b14c9653891f9e74264a383fa43fefbd",
}
`;

exports[`All Contributors app - End to end 2:Happy path, add correct new contributor, no allcontributors file (repo needs init first) 2`] = `
Object {
  "body": "@jakebolam 

We had trouble processing your request. Please try again later.",
}
`;

exports[`All Contributors app - End to end 2:Happy path, add correct new contributor, no allcontributors file (repo needs init first) 3`] = `
Object {
  "branch": "all-contributors/add-jakebolam",
  "content": "ewogICJmaWxlcyI6IFsKICAgICJSRUFETUUubWQiCiAgXSwKICAiaW1hZ2VTaXplIjogMTAwLAogICJjb21taXQiOiBmYWxzZSwKICAiY29udHJpYnV0b3JzIjogWwogICAgewogICAgICAibG9naW4iOiAiamFrZWJvbGFtIiwKICAgICAgIm5hbWUiOiAiSmFrZSBCb2xhbSIsCiAgICAgICJhdmF0YXJfdXJsIjogImh0dHBzOi8vYXZhdGFyczIuZ2l0aHVidXNlcmNvbnRlbnQuY29tL3UvMzUzNDIzNj92PTQiLAogICAgICAicHJvZmlsZSI6ICJodHRwczovL2pha2Vib2xhbS5jb20iLAogICAgICAiY29udHJpYnV0aW9ucyI6IFsKICAgICAgICAiY29kZSIsCiAgICAgICAgImRvYyIsCiAgICAgICAgImluZnJhIgogICAgICBdCiAgICB9CiAgXSwKICAiY29udHJpYnV0b3JzUGVyTGluZSI6IDcsCiAgInByb2plY3ROYW1lIjogImFsbC1jb250cmlidXRvcnMtYm90IiwKICAicHJvamVjdE93bmVyIjogImFsbC1jb250cmlidXRvcnMiLAogICJyZXBvVHlwZSI6ICJnaXRodWIiLAogICJyZXBvSG9zdCI6ICJodHRwczovL2dpdGh1Yi5jb20iCn0K",
  "message": "docs: create .all-contributorsrc",
}
`;

exports[`All Contributors app - End to end 2:Happy path, add correct new contributor, no allcontributors file (repo needs init first) 4`] = `
Object {
  "base": "master",
  "body": "Adds @jakebolam as a contributor for code, doc, infra.

This was requested by jakebolam [in this comment](https://github.com/all-contributors/all-contributors-bot/pull/1#issuecomment-453012966)",
  "head": "all-contributors/add-jakebolam",
  "maintainer_can_modify": true,
  "title": "docs: add jakebolam as a contributor",
}
`;

exports[`All Contributors app - End to end 2:Happy path, add correct new contributor, no allcontributors file (repo needs init first) 5`] = `
Object {
  "body": "@jakebolam 

I've put up [a pull request](https://github.com/all-contributors/all-contributors-bot/pull/1347) to add @jakebolam! :tada:",
}
`;

exports[`All Contributors app - End to end 3:Fail path, no readme file (configuration error) 1`] = `
Object {
  "body": "@jakebolam 

File README.md was not found in the repository (undefined).",
}
`;

exports[`All Contributors app - End to end 4:Fail path, no such user 1`] = `
Object {
  "body": "@jakebolam 

Could not find the user \`jakebolam\` on github.",
}
`;

exports[`All Contributors app - End to end 5: Fail path, Unknown user intention 1`] = `
Object {
  "body": "@jakebolam 

I could not determine your intention.

Basic usage: @all-contributors please add @jakebolam for code, doc and infra

For other usages see the [documentation](https://allcontributors.org/docs/en/bot/usage)",
}
`;

exports[`All Contributors app - End to end 6:Fail path, Unknown error (e.g. Network is dead, service down etc, our code is bad) crashes and sends error message 1`] = `
Object {
  "body": "@jakebolam 

We had trouble processing your request. Please try again later.",
}
`;

exports[`All Contributors app - End to end 7: Happy path, add correct new contributor, but branch exists 1`] = `
Object {
  "body": "@jakebolam 

We had trouble processing your request. Please try again later.",
}
`;

exports[`All Contributors app - End to end 7: Happy path, add correct new contributor, but branch exists 2`] = `
Object {
  "branch": "all-contributors/add-jakebolam",
  "content": "ewogICJwcm9qZWN0TmFtZSI6ICJhbGwtY29udHJpYnV0b3JzLWJvdCIsCiAgInByb2plY3RPd25lciI6ICJhbGwtY29udHJpYnV0b3JzIiwKICAicmVwb1R5cGUiOiAiZ2l0aHViIiwKICAicmVwb0hvc3QiOiAiaHR0cHM6Ly9naXRodWIuY29tIiwKICAiZmlsZXMiOiBbCiAgICAiUkVBRE1FLm1kIgogIF0sCiAgImltYWdlU2l6ZSI6IDEwMCwKICAiY29tbWl0IjogZmFsc2UsCiAgImNvbnRyaWJ1dG9ycyI6IFsKICAgIHsKICAgICAgImxvZ2luIjogImpha2Vib2xhbSIsCiAgICAgICJuYW1lIjogIkpha2UgQm9sYW0iLAogICAgICAiYXZhdGFyX3VybCI6ICJodHRwczovL2F2YXRhcnMyLmdpdGh1YnVzZXJjb250ZW50LmNvbS91LzM1MzQyMzY/dj00IiwKICAgICAgInByb2ZpbGUiOiAiaHR0cHM6Ly9qYWtlYm9sYW0uY29tIiwKICAgICAgImNvbnRyaWJ1dGlvbnMiOiBbCiAgICAgICAgImNvZGUiLAogICAgICAgICJpZGVhcyIsCiAgICAgICAgImluZnJhIiwKICAgICAgICAidGVzdCIsCiAgICAgICAgImRvYyIKICAgICAgXQogICAgfQogIF0sCiAgImNvbnRyaWJ1dG9yc1BlckxpbmUiOiA3Cn0K",
  "message": "docs: update .all-contributorsrc",
  "sha": "dff34f715bca51114c0336a49381456a926806d5",
}
`;

exports[`All Contributors app - End to end 7: Happy path, add correct new contributor, but branch exists 3`] = `
Object {
  "base": "master",
  "body": "Adds @jakebolam as a contributor for code, doc, infra.

This was requested by jakebolam [in this comment](https://github.com/all-contributors/all-contributors-bot/pull/1#issuecomment-453012966)",
  "head": "all-contributors/add-jakebolam",
  "maintainer_can_modify": true,
  "title": "docs: add jakebolam as a contributor",
}
`;

exports[`All Contributors app - End to end 7: Happy path, add correct new contributor, but branch exists 4`] = `
Object {
  "body": "@jakebolam 

I've put up [a pull request](https://github.com/all-contributors/all-contributors-bot/pull/1347) to add @jakebolam! :tada:",
}
`;
